------------------------------
          
  #       
   #      
 ###      
          
          
          
          
          
          
------------------------------
          
          
 # #      
  ##      
  #       
          
          
          
          
          
------------------------------
          
          
   #      
 # #      
  ##      
          
          
          
          
          
------------------------------
          
          
  #       
   ##     
  ##      
          
          
          
          
          
------------------------------
          
          
   #      
    #     
  ###     
          
          
          
          
          
------------------------------
          
          
          
  # #     
   ##     
   #      
          
          
          
          
------------------------------
          
          
          
    #     
  # #     
   ##     
          
          
          
          
------------------------------
          
          
          
   #      
    ##    
   ##     
          
          
          
          
------------------------------
          
          
          
    #     
     #    
   ###    
          
          
          
          
------------------------------
          
          
          
          
   # #    
    ##    
    #     
          
          
          
------------------------------
          
          
          
          
     #    
   # #    
    ##    
          
          
          
------------------------------
          
          
          
          
    #     
     ##   
    ##    
          
          
          
------------------------------
          
          
          
          
     #    
      #   
    ###   
          
          
          
------------------------------
          
          
          
          
          
    # #   
     ##   
     #    
          
          
------------------------------
          
          
          
          
          
      #   
    # #   
     ##   
          
          
------------------------------
          
          
          
          
          
     #    
      ##  
     ##   
          
          
------------------------------
          
          
          
          
          
      #   
       #  
     ###  
          
          
------------------------------
          
          
          
          
          
          
     # #  
      ##  
      #   
          
------------------------------
          
          
          
          
          
          
       #  
     # #  
      ##  
          
------------------------------
          
          
          
          
          
          
      #   
       ## 
      ##  
          
------------------------------
          
          
          
          
          
          
       #  
        # 
      ### 
          
------------------------------
          
          
          
          
          
          
          
      # # 
       ## 
       #  
------------------------------
          
          
          
          
          
          
          
        # 
      # # 
       ## 
------------------------------
          
          
          
          
          
          
          
       #  
        ##
       ## 
------------------------------
          
          
          
          
          
          
          
        # 
         #
       ###
------------------------------
        # 
          
          
          
          
          
          
          
       # #
        ##
------------------------------
        ##
          
          
          
          
          
          
          
         #
       # #
------------------------------
        ##
          
          
          
          
          
          
          
        # 
#        #
------------------------------
#       ##
          
          
          
          
          
          
          
         #
#         
------------------------------
#        #
         #
          
          
          
          
          
          
          
#       # 
------------------------------
#       # 
#        #
          
          
          
          
          
          
          
#         
------------------------------
##        
#        #
          
          
          
          
          
          
          
         #
------------------------------
 #        
##       #
          
          
          
          
          
          
          
#         
------------------------------
 #       #
##        
#         
          
          
          
          
          
          
          
------------------------------
 #        
 #       #
##        
          
          
          
          
          
          
          
------------------------------
#         
 ##       
##        
          
          
          
          
          
          
          
------------------------------
 #        
  #       
###       
          
          
          
          
          
          
          
------------------------------
          
# #       
 ##       
 #        
          
          
          
          
          
          
------------------------------
          
  #       
# #       
 ##       
          
          
          
          
          
          
------------------------------
          
 #        
  ##      
 ##       
          
          
          
          
          
          
------------------------------
